Phase 8 item 3 (M8.6 — credential broker, docs/23 § Secrets) — broker + guest injection proof
Date: 2026-09-13

== cargo test -p modbit-secrets (broker invariants: fail-closed violations, expiry, task-scoped revocation blast radius, redaction, value-free audit) ==
running 5 tests
test tests::redaction_scrubs_known_fingerprints ... ok
test tests::violations_fail_closed ... ok
test tests::lease_materializes_for_authorized_request ... ok
test tests::task_scoped_revocation_and_audit_chain ... ok
test tests::expired_lease_fails_closed ... ok
test result: ok. 5 passed; 0 failed; 0 ignored; 0 measured; 0 filtered out; finished in 0.05s
running 0 tests
test result: ok. 0 passed; 0 failed; 0 ignored; 0 measured; 0 filtered out; finished in 0.00s

== cargo test -p modbit-guest --test guest_e2e (adds e2e_credential_lease_materializes_scoped_into_guest_proc: lease -> REAL child env on the REAL guest; audit value-free; redaction; opaque handles) ==
running 7 tests
test e2e_raw_wire_negatives ... ok
test e2e_identity_verification_and_fail_closed ... ok
test e2e_reconnect_preserves_state ... ok
test e2e_credential_lease_materializes_scoped_into_guest_proc ... ok
test e2e_no_secret_material_in_guest_child_env ... ok
test e2e_real_effects_and_policy ... ok
test e2e_generation_fencing_kills_in_flight ... ok
test result: ok. 7 passed; 0 failed; 0 ignored; 0 measured; 0 filtered out; finished in 0.84s
